{
  "version": "1.5.0",
  "plugins_used": [
    {
      "name": "ArtifactoryDetector"
    },
    {
      "name": "AWSKeyDetector"
    },
    {
      "name": "AzureStorageKeyDetector"
    },
    {
      "name": "Base64HighEntropyString",
      "limit": 4.5
    },
    {
      "name": "BasicAuthDetector"
    },
    {
      "name": "CloudantDetector"
    },
    {
      "name": "DiscordBotTokenDetector"
    },
    {
      "name": "GitHubTokenDetector"
    },
    {
      "name": "GitLabTokenDetector"
    },
    {
      "name": "HexHighEntropyString",
      "limit": 3.0
    },
    {
      "name": "IbmCloudIamDetector"
    },
    {
      "name": "IbmCosHmacDetector"
    },
    {
      "name": "IPPublicDetector"
    },
    {
      "name": "JwtTokenDetector"
    },
    {
      "name": "KeywordDetector",
      "keyword_exclude": ""
    },
    {
      "name": "MailchimpDetector"
    },
    {
      "name": "NpmDetector"
    },
    {
      "name": "OpenAIDetector"
    },
    {
      "name": "PrivateKeyDetector"
    },
    {
      "name": "PypiTokenDetector"
    },
    {
      "name": "SendGridDetector"
    },
    {
      "name": "SlackDetector"
    },
    {
      "name": "SoftlayerDetector"
    },
    {
      "name": "SquareOAuthDetector"
    },
    {
      "name": "StripeDetector"
    },
    {
      "name": "TelegramBotTokenDetector"
    },
    {
      "name": "TwilioKeyDetector"
    }
  ],
  "filters_used": [
    {
      "path": "detect_secrets.filters.allowlist.is_line_allowlisted"
    },
    {
      "path": "detect_secrets.filters.common.is_baseline_file",
      "filename": ".secrets.baseline"
    },
    {
      "path": "detect_secrets.filters.common.is_ignored_due_to_verification_policies",
      "min_level": 2
    },
    {
      "path": "detect_secrets.filters.heuristic.is_indirect_reference"
    },
    {
      "path": "detect_secrets.filters.heuristic.is_likely_id_string"
    },
    {
      "path": "detect_secrets.filters.heuristic.is_lock_file"
    },
    {
      "path": "detect_secrets.filters.heuristic.is_not_alphanumeric_string"
    },
    {
      "path": "detect_secrets.filters.heuristic.is_potential_uuid"
    },
    {
      "path": "detect_secrets.filters.heuristic.is_prefixed_with_dollar_sign"
    },
    {
      "path": "detect_secrets.filters.heuristic.is_sequential_string"
    },
    {
      "path": "detect_secrets.filters.heuristic.is_swagger_file"
    },
    {
      "path": "detect_secrets.filters.heuristic.is_templated_secret"
    },
    {
      "path": "detect_secrets.filters.regex.should_exclude_file",
      "pattern": [
        "^(data/|\\.lake/)"
      ]
    }
  ],
  "results": {
    "Tengoku/widget/js/lake.trace": [
      {
        "type": "Hex High Entropy String",
        "filename": "Tengoku/widget/js/lake.trace",
        "hashed_secret": "6d3ef594631cafd13d32dabdf9c9b77fbe4bc4df",
        "is_verified": false,
        "line_number": 25
      },
      {
        "type": "Hex High Entropy String",
        "filename": "Tengoku/widget/js/lake.trace",
        "hashed_secret": "a20e4175934da55a677331471937a0f8390715b7",
        "is_verified": false,
        "line_number": 26
      },
      {
        "type": "Hex High Entropy String",
        "filename": "Tengoku/widget/js/lake.trace",
        "hashed_secret": "4926c36650275224852fa9b419c6b2cbd185ec91",
        "is_verified": false,
        "line_number": 27
      }
    ],
    "Tengoku/widget/js/penroseCanvas.js": [
      {
        "type": "Base64 High Entropy String",
        "filename": "Tengoku/widget/js/penroseCanvas.js",
        "hashed_secret": "244beec15790fe4ace5c03d863340bb0dfcd4294",
        "is_verified": false,
        "line_number": 1
      },
      {
        "type": "AWS Access Key",
        "filename": "Tengoku/widget/js/penroseCanvas.js",
        "hashed_secret": "24c6a3a96ef42d1501effcfa5c11d46423133476",
        "is_verified": false,
        "line_number": 1
      }
    ],
    "Tengoku/widget/js/penroseDisplay.js": [
      {
        "type": "Base64 High Entropy String",
        "filename": "Tengoku/widget/js/penroseDisplay.js",
        "hashed_secret": "244beec15790fe4ace5c03d863340bb0dfcd4294",
        "is_verified": false,
        "line_number": 1
      },
      {
        "type": "AWS Access Key",
        "filename": "Tengoku/widget/js/penroseDisplay.js",
        "hashed_secret": "24c6a3a96ef42d1501effcfa5c11d46423133476",
        "is_verified": false,
        "line_number": 1
      }
    ],
    "scripts/ci/selftest.sh": [
      {
        "type": "Base64 High Entropy String",
        "filename": "scripts/ci/selftest.sh",
        "hashed_secret": "1db2c0017e1c654e15273d15b63a592d13f4b302",
        "is_verified": false,
        "line_number": 29
      }
    ]
  },
  "generated_at": "2026-09-15T14:47:28Z"
}
